EN lcd NULL C:/Jamal_16_Nov_2009/Cours_VHDL/LCD/LCD.vhd sub00/vhpl02 1270152914
AR lcd behavioral C:/Jamal_16_Nov_2009/Cours_VHDL/LCD/LCD.vhd sub00/vhpl03 1270152915
PB lcd_library lcd_library C:/Jamal_16_Nov_2009/Cours_VHDL/LCD/LCD_Library.vhd sub00/vhpl01 1270152913
PH lcd_library NULL C:/Jamal_16_Nov_2009/Cours_VHDL/LCD/LCD_Library.vhd sub00/vhpl00 1270152912
